// Jest Snapshot v1, https://goo.gl/fbAQLP

exports[`Button test cases matches snapshot 1`] = `
<DocumentFragment>
  <button
    class="button default"
  >
    Click me
  </button>
</DocumentFragment>
`;
